0000 0000	0	0000 0000 0000 0000 0001 0111 1101 1111
0000 0001	0	0000 1000 0111 1000 0100 1001 1000 0011
0000 0010	0	0000 0000 0000 0000 0000 0000 0000 0000
0000 0011	0	1111 1111 1111 1111 1111 1111 1111 1111
