0000 0000	0	0000 0000 0000 0000 0010 1111 0010 1111
0000 0001	0	1111 1111 1111 1111 1001 1101 1001 1100
0000 0010	0	0000 0000 0000 0000 1000 0000 0000 0000
0000 0011	1	0000 0000 0000 0000 0000 0000 0000 0000
